// Jest Snapshot v1, https://goo.gl/fbAQLP

exports[`ImageInfo test 1`] = `
<div>
  <table>
    <tr>
      <th>
        感情
      </th>
      <th>
        値
      </th>
    </tr>
    <tr>
      <td
        className="emotion"
      >
        anger
      </td>
      <td
        className="emotion_value"
      >
        0.1
      </td>
    </tr>
    <tr>
      <td
        className="emotion"
      >
        contempt
      </td>
      <td
        className="emotion_value"
      >
        0.2
      </td>
    </tr>
    <tr>
      <td
        className="emotion"
      >
        disgust
      </td>
      <td
        className="emotion_value"
      >
        0.1
      </td>
    </tr>
    <tr>
      <td
        className="emotion"
      >
        fear
      </td>
      <td
        className="emotion_value"
      >
        0
      </td>
    </tr>
    <tr>
      <td
        className="emotion"
      >
        happiness
      </td>
      <td
        className="emotion_value"
      >
        0.005
      </td>
    </tr>
    <tr>
      <td
        className="emotion"
      >
        neutral
      </td>
      <td
        className="emotion_value"
      >
        0.4
      </td>
    </tr>
    <tr>
      <td
        className="emotion"
      >
        sadness
      </td>
      <td
        className="emotion_value"
      >
        0.01
      </td>
    </tr>
    <tr>
      <td
        className="emotion"
      >
        surprise
      </td>
      <td
        className="emotion_value"
      >
        0.002
      </td>
    </tr>
  </table>
</div>
`;
